Data Structures for Stress Analysis Run : Thu Apr 10 16:20:44 2025


CMaxStruct --->
devName = D1N755
devType = DIODE
topLevelRefDes = D1
refDes = D1
spiceDesig = X
scaldPath = D1
simTemp = 27
simTime = 0.002
        CMaxParam ------>
        keyword = IF
        description = Max Forward Current
        maxOpStatus = 100
        maxOpValue = 0.2
        maxOpMask = 3
        errorLevel = 0
        peakDeratedMax = 0.2
        averageDeratedMax = 0.2
        rmsDeratedMax = 0.2
        peak = -0.0101373
        average = -0.0101373
        rms = 0.0101373
        peakPercent = 0
        averagePercent = 0
        rmsPercent = 5.06864
        node1Index = -1
        node2Index = -1
        currentIndex = -1
        portName = 1
        lastValue = 0
        CMaxParam ------>
        keyword = IRMX
        description = Max Reverse Current
        maxOpStatus = 100
        maxOpValue = 0.06061
        maxOpMask = 1
        errorLevel = 0
        peakDeratedMax = 0.06061
        averageDeratedMax = 0.06061
        rmsDeratedMax = 0.06061
        peak = 0.0101373
        average = 0.0101373
        rms = 0.0101373
        peakPercent = 16.7254
        averagePercent = 16.7254
        rmsPercent = 16.7254
        node1Index = -1
        node2Index = -1
        currentIndex = -1
        portName = 1
        lastValue = 0
        CMaxParam ------>
        keyword = PDM
        description = Maximum power dissipation
        maxOpStatus = 100
        maxOpValue = 0.5
        maxOpMask = 6
        errorLevel = 2
        peakDeratedMax = 0.5
        averageDeratedMax = 0.5
        rmsDeratedMax = 0.5
        peak = 0.0757138
        average = 0.0757137
        rms = 0.0757137
        peakPercent = 15.1428
        averagePercent = 15.1427
        rmsPercent = 15.1427
        node1Index = -1
        node2Index = -1
        currentIndex = -1
        lastValue = 0
        CMaxParam ------>
        keyword = TJ
        description = Maximum junction temperature
        maxOpStatus = 100
        maxOpValue = 200
        maxOpMask = 3
        errorLevel = 0
        peakDeratedMax = 200
        averageDeratedMax = 200
        rmsDeratedMax = 200
        peak = 27
        average = 27
        rms = 27
        peakPercent = 13.5
        averagePercent = 13.5
        rmsPercent = 13.5
        node1Index = -1
        node2Index = -1
        currentIndex = -1
        lastValue = 0
CMaxStruct --->
devName = R
devType = RES
topLevelRefDes = R2
refDes = R2
spiceDesig = R
scaldPath = R2
simTemp = 27
simTime = 0.002
        CMaxParam ------>
        keyword = PDM
        description = Maximum power dissipation
        maxOpStatus = 100
        maxOpValue = 0.25
        maxOpMask = 6
        errorLevel = 0
        peakDeratedMax = 0.163605
        averageDeratedMax = 0.163605
        rmsDeratedMax = 0.163605
        peak = 0.0526449
        average = 0.0526446
        rms = 0.0526446
        peakPercent = 32.178
        averagePercent = 32.1778
        rmsPercent = 32.1778
        node1Index = -1
        node2Index = -1
        currentIndex = -1
        lastValue = 0
        CMaxParam ------>
        keyword = RV
        description = Maximum voltage
        maxOpStatus = 101
        maxOpValue = 1e+35
        maxOpMask = 7
        errorLevel = 1
        peakDeratedMax = 1e+35
        averageDeratedMax = 1e+35
        rmsDeratedMax = 1e+35
        peak = -1e+100
        average = 0
        rms = 0
        peakPercent = 0
        averagePercent = 0
        rmsPercent = 0
        node1Index = -1
        node1 = 1
        node2Index = -1
        node2 = 2
        currentIndex = -1
        lastValue = 0
        CMaxParam ------>
        keyword = TB
        description = Maximum breakdown temperature
        maxOpStatus = 100
        maxOpValue = 200
        maxOpMask = 3
        errorLevel = 0
        peakDeratedMax = 200
        averageDeratedMax = 200
        rmsDeratedMax = 200
        peak = 69.1159
        average = 69.1157
        rms = 69.1157
        peakPercent = 34.5579
        averagePercent = 34.5578
        rmsPercent = 34.5578
        node1Index = -1
        node2Index = -1
        currentIndex = -1
        lastValue = 0
CMaxStruct --->
devName = C
devType = CAP
topLevelRefDes = C1
refDes = C1
spiceDesig = C
scaldPath = C1
simTemp = 27
simTime = 0.002
        CMaxParam ------>
        keyword = CV
        description = Maximum voltage
        maxOpStatus = 100
        maxOpValue = 50
        maxOpMask = 7
        errorLevel = 0
        peakDeratedMax = 50
        averageDeratedMax = 50
        rmsDeratedMax = 50
        peak = 7.46885
        average = 7.46884
        rms = 7.46884
        peakPercent = 14.9377
        averagePercent = 14.9377
        rmsPercent = 14.9377
        node1Index = -1
        node1 = 1
        node2Index = -1
        node2 = 2
        currentIndex = -1
        lastValue = 0
        CMaxParam ------>
        keyword = CI
        description = Maximum current
        maxOpStatus = 100
        maxOpValue = 1
        maxOpMask = 7
        errorLevel = 0
        peakDeratedMax = 1
        averageDeratedMax = 1
        rmsDeratedMax = 1
        peak = 0.000167586
        average = 2.63235e-05
        rms = 7.72412e-05
        peakPercent = 0.0167586
        averagePercent = 0.00263235
        rmsPercent = 0.00772412
        node1Index = -1
        node2Index = -1
        currentIndex = 0
        portName = 1
        lastValue = 0
CMaxStruct --->
devName = R
devType = RES
topLevelRefDes = R3
refDes = R3
spiceDesig = R
scaldPath = R3
simTemp = 27
simTime = 0.002
        CMaxParam ------>
        keyword = PDM
        description = Maximum power dissipation
        maxOpStatus = 100
        maxOpValue = 0.25
        maxOpMask = 6
        errorLevel = 0
        peakDeratedMax = 0.204549
        averageDeratedMax = 0.208451
        rmsDeratedMax = 0.208032
        peak = 0.0117009
        average = 0.00779889
        rms = 0.00821844
        peakPercent = 5.72035
        averagePercent = 3.74135
        rmsPercent = 3.95058
        node1Index = -1
        node2Index = -1
        currentIndex = -1
        lastValue = 0
        CMaxParam ------>
        keyword = RV
        description = Maximum voltage
        maxOpStatus = 101
        maxOpValue = 1e+35
        maxOpMask = 7
        errorLevel = 1
        peakDeratedMax = 1e+35
        averageDeratedMax = 1e+35
        rmsDeratedMax = 1e+35
        peak = -1e+100
        average = 0
        rms = 0
        peakPercent = 0
        averagePercent = 0
        rmsPercent = 0
        node1Index = -1
        node1 = 1
        node2Index = -1
        node2 = 2
        currentIndex = -1
        lastValue = 0
        CMaxParam ------>
        keyword = TB
        description = Maximum breakdown temperature
        maxOpStatus = 100
        maxOpValue = 200
        maxOpMask = 3
        errorLevel = 0
        peakDeratedMax = 200
        averageDeratedMax = 200
        rmsDeratedMax = 200
        peak = 36.3607
        average = 33.2391
        rms = 33.5748
        peakPercent = 18.1804
        averagePercent = 16.6196
        rmsPercent = 16.7874
        node1Index = -1
        node2Index = -1
        currentIndex = -1
        lastValue = 0
CMaxStruct --->
devName = R
devType = RES
topLevelRefDes = R1
refDes = R1
spiceDesig = R
scaldPath = R1
simTemp = 27
simTime = 0.002
        CMaxParam ------>
        keyword = PDM
        description = Maximum power dissipation
        maxOpStatus = 100
        maxOpValue = 2
        maxOpMask = 6
        errorLevel = 0
        peakDeratedMax = 2
        averageDeratedMax = 2
        rmsDeratedMax = 2
        peak = 1.28522
        average = 0.439878
        rms = 0.645785
        peakPercent = 64.2611
        averagePercent = 21.9939
        rmsPercent = 32.2893
        node1Index = -1
        node2Index = -1
        currentIndex = -1
        lastValue = 0
        CMaxParam ------>
        keyword = RV
        description = Maximum voltage
        maxOpStatus = 101
        maxOpValue = 1e+35
        maxOpMask = 7
        errorLevel = 1
        peakDeratedMax = 1e+35
        averageDeratedMax = 1e+35
        rmsDeratedMax = 1e+35
        peak = -1e+100
        average = 0
        rms = 0
        peakPercent = 0
        averagePercent = 0
        rmsPercent = 0
        node1Index = -1
        node1 = 1
        node2Index = -1
        node2 = 2
        currentIndex = -1
        lastValue = 0
        CMaxParam ------>
        keyword = TB
        description = Maximum breakdown temperature
        maxOpStatus = 100
        maxOpValue = 200
        maxOpMask = 3
        errorLevel = 0
        peakDeratedMax = 200
        averageDeratedMax = 200
        rmsDeratedMax = 200
        peak = 52.7044
        average = 35.7976
        rms = 39.9157
        peakPercent = 26.3522
        averagePercent = 17.8988
        rmsPercent = 19.9579
        node1Index = -1
        node2Index = -1
        currentIndex = -1
        lastValue = 0
CMaxStruct --->
devName = L
devType = IND
topLevelRefDes = L1
refDes = L1
spiceDesig = L
scaldPath = L1
simTemp = 27
simTime = 0.002
        CMaxParam ------>
        keyword = LI
        description = Maximum current
        maxOpStatus = 100
        maxOpValue = 0.1
        maxOpMask = 7
        errorLevel = 0
        peakDeratedMax = 0.1
        averageDeratedMax = 0.1
        rmsDeratedMax = 0.1
        peak = 0.0654528
        average = 0.0292695
        rms = 0.0382918
        peakPercent = 65.4528
        averagePercent = 29.2695
        rmsPercent = 38.2918
        node1Index = -1
        node2Index = -1
        currentIndex = 0
        portName = 1
        lastValue = 0
        CMaxParam ------>
        keyword = LV
        description = Dielectric breakdown
        maxOpStatus = 100
        maxOpValue = 300
        maxOpMask = 7
        errorLevel = 0
        peakDeratedMax = 300
        averageDeratedMax = 300
        rmsDeratedMax = 300
        peak = 5.44939e-05
        average = 1.95827e-07
        rms = 3.53523e-05
        peakPercent = 1.81646e-05
        averagePercent = 6.52756e-08
        rmsPercent = 1.17841e-05
        node1Index = -1
        node1 = 1
        node2Index = -1
        node2 = 2
        currentIndex = -1
        lastValue = 0
CMaxStruct --->
devName = R
devType = RES
topLevelRefDes = R4
refDes = R4
spiceDesig = R
scaldPath = R4
simTemp = 27
simTime = 0.002
        CMaxParam ------>
        keyword = PDM
        description = Maximum power dissipation
        maxOpStatus = 100
        maxOpValue = 0.25
        maxOpMask = 6
        errorLevel = 0
        peakDeratedMax = 0.216001
        averageDeratedMax = 0.216147
        rmsDeratedMax = 0.216122
        peak = 0.000249445
        average = 0.000102514
        rms = 0.000127657
        peakPercent = 0.115483
        averagePercent = 0.0474276
        rmsPercent = 0.0590672
        node1Index = -1
        node2Index = -1
        currentIndex = -1
        lastValue = 0
        CMaxParam ------>
        keyword = RV
        description = Maximum voltage
        maxOpStatus = 101
        maxOpValue = 1e+35
        maxOpMask = 7
        errorLevel = 1
        peakDeratedMax = 1e+35
        averageDeratedMax = 1e+35
        rmsDeratedMax = 1e+35
        peak = -1e+100
        average = 0
        rms = 0
        peakPercent = 0
        averagePercent = 0
        rmsPercent = 0
        node1Index = -1
        node1 = 1
        node2Index = -1
        node2 = 2
        currentIndex = -1
        lastValue = 0
        CMaxParam ------>
        keyword = TB
        description = Maximum breakdown temperature
        maxOpStatus = 100
        maxOpValue = 200
        maxOpMask = 3
        errorLevel = 0
        peakDeratedMax = 200
        averageDeratedMax = 200
        rmsDeratedMax = 200
        peak = 27.1996
        average = 27.082
        rms = 27.1021
        peakPercent = 13.5998
        averagePercent = 13.541
        rmsPercent = 13.5511
        node1Index = -1
        node2Index = -1
        currentIndex = -1
        lastValue = 0
CMaxStruct --->
devName = C
devType = CAP
topLevelRefDes = C2
refDes = C2
spiceDesig = C
scaldPath = C2
simTemp = 27
simTime = 0.002
        CMaxParam ------>
        keyword = CV
        description = Maximum voltage
        maxOpStatus = 100
        maxOpValue = 50
        maxOpMask = 7
        errorLevel = 0
        peakDeratedMax = 50
        averageDeratedMax = 50
        rmsDeratedMax = 50
        peak = 1.76858
        average = 1.76752
        rms = 1.76752
        peakPercent = 3.53717
        averagePercent = 3.53504
        rmsPercent = 3.53505
        node1Index = -1
        node1 = 1
        node2Index = -1
        node2 = 2
        currentIndex = -1
        lastValue = 0
        CMaxParam ------>
        keyword = CI
        description = Maximum current
        maxOpStatus = 100
        maxOpValue = 1
        maxOpMask = 7
        errorLevel = 0
        peakDeratedMax = 1
        averageDeratedMax = 1
        rmsDeratedMax = 1
        peak = 0.00182371
        average = 8.78878e-05
        rms = 0.00116912
        peakPercent = 0.182371
        averagePercent = 0.00878878
        rmsPercent = 0.116912
        node1Index = -1
        node2Index = -1
        currentIndex = 0
        portName = 1
        lastValue = 0
CMaxStruct --->
devName = C
devType = CAP
topLevelRefDes = C3
refDes = C3
spiceDesig = C
scaldPath = C3
simTemp = 27
simTime = 0.002
        CMaxParam ------>
        keyword = CV
        description = Maximum voltage
        maxOpStatus = 100
        maxOpValue = 50
        maxOpMask = 7
        errorLevel = 0
        peakDeratedMax = 50
        averageDeratedMax = 50
        rmsDeratedMax = 50
        peak = 2.21018
        average = 0.986301
        rms = 1.29112
        peakPercent = 4.42037
        averagePercent = 1.9726
        rmsPercent = 2.58223
        node1Index = -1
        node1 = 1
        node2Index = -1
        node2 = 2
        currentIndex = -1
        lastValue = 0
        CMaxParam ------>
        keyword = CI
        description = Maximum current
        maxOpStatus = 100
        maxOpValue = 1
        maxOpMask = 7
        errorLevel = 0
        peakDeratedMax = 1
        averageDeratedMax = 1
        rmsDeratedMax = 1
        peak = 1.24508e-07
        average = 4.4661e-10
        rms = 8.13414e-08
        peakPercent = 1.24508e-05
        averagePercent = 4.4661e-08
        rmsPercent = 8.13414e-06
        node1Index = -1
        node2Index = -1
        currentIndex = 0
        portName = 1
        lastValue = 0
CMaxStruct --->
devName = R
devType = RES
topLevelRefDes = R5
refDes = R5
spiceDesig = R
scaldPath = R5
simTemp = 27
simTime = 0.002
        CMaxParam ------>
        keyword = PDM
        description = Maximum power dissipation
        maxOpStatus = 100
        maxOpValue = 0.25
        maxOpMask = 6
        errorLevel = 0
        peakDeratedMax = 0.21625
        averageDeratedMax = 0.21625
        rmsDeratedMax = 0.21625
        peak = 1.05415e-12
        average = 4.49917e-13
        rms = 6.00163e-13
        peakPercent = 4.87477e-10
        averagePercent = 2.08056e-10
        rmsPercent = 2.77534e-10
        node1Index = -1
        node2Index = -1
        currentIndex = -1
        lastValue = 0
        CMaxParam ------>
        keyword = RV
        description = Maximum voltage
        maxOpStatus = 101
        maxOpValue = 1e+35
        maxOpMask = 7
        errorLevel = 1
        peakDeratedMax = 1e+35
        averageDeratedMax = 1e+35
        rmsDeratedMax = 1e+35
        peak = -1e+100
        average = 0
        rms = 0
        peakPercent = 0
        averagePercent = 0
        rmsPercent = 0
        node1Index = -1
        node1 = 1
        node2Index = -1
        node2 = 2
        currentIndex = -1
        lastValue = 0
        CMaxParam ------>
        keyword = TB
        description = Maximum breakdown temperature
        maxOpStatus = 100
        maxOpValue = 200
        maxOpMask = 3
        errorLevel = 0
        peakDeratedMax = 200
        averageDeratedMax = 200
        rmsDeratedMax = 200
        peak = 27
        average = 27
        rms = 27
        peakPercent = 13.5
        averagePercent = 13.5
        rmsPercent = 13.5
        node1Index = -1
        node2Index = -1
        currentIndex = -1
        lastValue = 0
CMaxStruct --->
devName = R
devType = RES
topLevelRefDes = R6
refDes = R6
spiceDesig = R
scaldPath = R6
simTemp = 27
simTime = 0.002
        CMaxParam ------>
        keyword = PDM
        description = Maximum power dissipation
        maxOpStatus = 100
        maxOpValue = 0.25
        maxOpMask = 6
        errorLevel = 0
        peakDeratedMax = 0.210804
        averageDeratedMax = 0.214002
        rmsDeratedMax = 0.213284
        peak = 0.00544584
        average = 0.00224823
        rms = 0.00296631
        peakPercent = 2.58336
        averagePercent = 1.05057
        rmsPercent = 1.39078
        node1Index = -1
        node2Index = -1
        currentIndex = -1
        lastValue = 0
        CMaxParam ------>
        keyword = RV
        description = Maximum voltage
        maxOpStatus = 101
        maxOpValue = 1e+35
        maxOpMask = 7
        errorLevel = 1
        peakDeratedMax = 1e+35
        averageDeratedMax = 1e+35
        rmsDeratedMax = 1e+35
        peak = -1e+100
        average = 0
        rms = 0
        peakPercent = 0
        averagePercent = 0
        rmsPercent = 0
        node1Index = -1
        node1 = 1
        node2Index = -1
        node2 = 2
        currentIndex = -1
        lastValue = 0
        CMaxParam ------>
        keyword = TB
        description = Maximum breakdown temperature
        maxOpStatus = 100
        maxOpValue = 200
        maxOpMask = 3
        errorLevel = 0
        peakDeratedMax = 200
        averageDeratedMax = 200
        rmsDeratedMax = 200
        peak = 31.3567
        average = 28.7986
        rms = 29.373
        peakPercent = 15.6783
        averagePercent = 14.3993
        rmsPercent = 14.6865
        node1Index = -1
        node2Index = -1
        currentIndex = -1
        lastValue = 0
CMaxStruct --->
devName = R
devType = RES
topLevelRefDes = R7
refDes = R7
spiceDesig = R
scaldPath = R7
simTemp = 27
simTime = 0.002
        CMaxParam ------>
        keyword = PDM
        description = Maximum power dissipation
        maxOpStatus = 100
        maxOpValue = 0.25
        maxOpMask = 6
        errorLevel = 0
        peakDeratedMax = 0.0682223
        averageDeratedMax = 0.165735
        rmsDeratedMax = 0.142008
        peak = 0.148028
        average = 0.0505146
        rms = 0.0742422
        peakPercent = 216.978
        averagePercent = 30.4791
        rmsPercent = 52.2804
        node1Index = -1
        node2Index = -1
        currentIndex = -1
        lastValue = 0
        CMaxParam ------>
        keyword = RV
        description = Maximum voltage
        maxOpStatus = 101
        maxOpValue = 1e+35
        maxOpMask = 7
        errorLevel = 1
        peakDeratedMax = 1e+35
        averageDeratedMax = 1e+35
        rmsDeratedMax = 1e+35
        peak = -1e+100
        average = 0
        rms = 0
        peakPercent = 0
        averagePercent = 0
        rmsPercent = 0
        node1Index = -1
        node1 = 1
        node2Index = -1
        node2 = 2
        currentIndex = -1
        lastValue = 0
        CMaxParam ------>
        keyword = TB
        description = Maximum breakdown temperature
        maxOpStatus = 100
        maxOpValue = 200
        maxOpMask = 3
        errorLevel = 0
        peakDeratedMax = 200
        averageDeratedMax = 200
        rmsDeratedMax = 200
        peak = 145.422
        average = 67.4117
        rms = 86.3938
        peakPercent = 72.7111
        averagePercent = 33.7058
        rmsPercent = 43.1969
        node1Index = -1
        node2Index = -1
        currentIndex = -1
        lastValue = 0
CMaxStruct --->
devName = awb2n3724
devType = NPN
topLevelRefDes = Q1
refDes = Q1
spiceDesig = X
scaldPath = Q1
simTemp = 27
simTime = 0.002
        CMaxParam ------>
        keyword = IC
        description = Max collector current
        maxOpStatus = 100
        maxOpValue = 0.5
        maxOpMask = 3
        errorLevel = 0
        peakDeratedMax = 0.5
        averageDeratedMax = 0.5
        rmsDeratedMax = 0.5
        peak = 0.0654922
        average = 0.0292802
        rms = 0.0383083
        peakPercent = 13.0984
        averagePercent = 5.85603
        rmsPercent = 7.66165
        node1Index = -1
        node2Index = -1
        currentIndex = 0
        portName = C
        lastValue = 0
        CMaxParam ------>
        keyword = IB
        description = Max base current
        maxOpStatus = 101
        maxOpValue = 1e+35
        maxOpMask = 2
        errorLevel = 1
        peakDeratedMax = 1e+35
        averageDeratedMax = 1e+35
        rmsDeratedMax = 1e+35
        peak = -1e+100
        average = 0
        rms = 0
        peakPercent = 0
        averagePercent = 0
        rmsPercent = 0
        node1Index = -1
        node2Index = -1
        currentIndex = 1
        portName = B
        lastValue = 0
        CMaxParam ------>
        keyword = PDM
        description = Maximum power dissipation
        maxOpStatus = 100
        maxOpValue = 0.8
        maxOpMask = 6
        errorLevel = 0
        peakDeratedMax = 0.8
        averageDeratedMax = 0.8
        rmsDeratedMax = 0.8
        peak = 1.54957
        average = 0.827306
        rms = 1.03549
        peakPercent = 193.696
        averagePercent = 103.413
        rmsPercent = 129.436
        node1Index = -1
        node2Index = -1
        currentIndex = -1
        lastValue = 0
        CMaxParam ------>
        keyword = SB
        description = Maximum secondary breakdown
        maxOpStatus = 101
        maxOpValue = 1e+35
        maxOpMask = 2
        errorLevel = 1
        peakDeratedMax = 1e+35
        averageDeratedMax = 1e+35
        rmsDeratedMax = 1e+35
        peak = -1e+100
        average = 0
        rms = 0
        peakPercent = 0
        averagePercent = 0
        rmsPercent = 0
        node1Index = -1
        node1 = C
        node2Index = -1
        node2 = E
        currentIndex = 0
        portName = C
        lastValue = 0
        CMaxParam ------>
        keyword = TJ
        description = Maximum junction temperature
        maxOpStatus = 100
        maxOpValue = 200
        maxOpMask = 3
        errorLevel = 0
        peakDeratedMax = 200
        averageDeratedMax = 200
        rmsDeratedMax = 200
        peak = 104.788
        average = 68.5307
        rms = 78.9815
        peakPercent = 52.3942
        averagePercent = 34.2654
        rmsPercent = 39.4908
        node1Index = -1
        node2Index = -1
        currentIndex = -1
        lastValue = 0
        CMaxParam ------>
        keyword = VCB
        description = Max C-B voltage
        maxOpStatus = 100
        maxOpValue = 50
        maxOpMask = 1
        errorLevel = 0
        peakDeratedMax = 50
        averageDeratedMax = 50
        rmsDeratedMax = 50
        peak = 42.5312
        average = 33.7503
        rms = 34.5535
        peakPercent = 85.0623
        averagePercent = 67.5006
        rmsPercent = 69.1069
        node1Index = -1
        node1 = C
        node2Index = -1
        node2 = B
        currentIndex = -1
        lastValue = 0
        CMaxParam ------>
        keyword = VCE
        description = Max C-E voltage
        maxOpStatus = 100
        maxOpValue = 30
        maxOpMask = 1
        errorLevel = 0
        peakDeratedMax = 30
        averageDeratedMax = 30
        rmsDeratedMax = 30
        peak = 43.0821
        average = 34.4174
        rms = 35.1853
        peakPercent = 143.607
        averagePercent = 114.725
        rmsPercent = 117.284
        node1Index = -1
        node1 = C
        node2Index = -1
        node2 = E
        currentIndex = -1
        lastValue = 0
        CMaxParam ------>
        keyword = VEB
        description = Max E-B voltage
        maxOpStatus = 100
        maxOpValue = 6
        maxOpMask = 1
        errorLevel = 0
        peakDeratedMax = 6
        averageDeratedMax = 6
        rmsDeratedMax = 6
        peak = -0.355982
        average = -0.667117
        rms = 0.679762
        peakPercent = 0
        averagePercent = 0
        rmsPercent = 11.3294
        node1Index = -1
        node1 = E
        node2Index = -1
        node2 = B
        currentIndex = -1
        lastValue = 0
CMaxStruct --->
devName = awb2n5179
devType = NPN
topLevelRefDes = Q2
refDes = Q2
spiceDesig = X
scaldPath = Q2
simTemp = 27
simTime = 0.002
        CMaxParam ------>
        keyword = IC
        description = Max collector current
        maxOpStatus = 100
        maxOpValue = 0.05
        maxOpMask = 3
        errorLevel = 0
        peakDeratedMax = 0.05
        averageDeratedMax = 0.05
        rmsDeratedMax = 0.05
        peak = 0.0659219
        average = 0.0294596
        rms = 0.0385462
        peakPercent = 131.844
        averagePercent = 58.9192
        rmsPercent = 77.0924
        node1Index = -1
        node2Index = -1
        currentIndex = 0
        portName = C
        lastValue = 0
        CMaxParam ------>
        keyword = IB
        description = Max base current
        maxOpStatus = 101
        maxOpValue = 1e+35
        maxOpMask = 2
        errorLevel = 1
        peakDeratedMax = 1e+35
        averageDeratedMax = 1e+35
        rmsDeratedMax = 1e+35
        peak = -1e+100
        average = 0
        rms = 0
        peakPercent = 0
        averagePercent = 0
        rmsPercent = 0
        node1Index = -1
        node2Index = -1
        currentIndex = 1
        portName = B
        lastValue = 0
        CMaxParam ------>
        keyword = PDM
        description = Maximum power dissipation
        maxOpStatus = 100
        maxOpValue = 0.2
        maxOpMask = 6
        errorLevel = 0
        peakDeratedMax = 0.2
        averageDeratedMax = 0.2
        rmsDeratedMax = 0.2
        peak = 0.297566
        average = 0.148599
        rms = 0.188588
        peakPercent = 148.783
        averagePercent = 74.2996
        rmsPercent = 94.294
        node1Index = -1
        node2Index = -1
        currentIndex = -1
        lastValue = 0
        CMaxParam ------>
        keyword = SB
        description = Maximum secondary breakdown
        maxOpStatus = 101
        maxOpValue = 1e+35
        maxOpMask = 2
        errorLevel = 1
        peakDeratedMax = 1e+35
        averageDeratedMax = 1e+35
        rmsDeratedMax = 1e+35
        peak = -1e+100
        average = 0
        rms = 0
        peakPercent = 0
        averagePercent = 0
        rmsPercent = 0
        node1Index = -1
        node1 = C
        node2Index = -1
        node2 = E
        currentIndex = 0
        portName = C
        lastValue = 0
        CMaxParam ------>
        keyword = TJ
        description = Maximum junction temperature
        maxOpStatus = 100
        maxOpValue = 200
        maxOpMask = 3
        errorLevel = 0
        peakDeratedMax = 200
        averageDeratedMax = 200
        rmsDeratedMax = 200
        peak = 113.949
        average = 70.4207
        rms = 82.1054
        peakPercent = 56.9744
        averagePercent = 35.2103
        rmsPercent = 41.0527
        node1Index = -1
        node2Index = -1
        currentIndex = -1
        lastValue = 0
        CMaxParam ------>
        keyword = VCB
        description = Max C-B voltage
        maxOpStatus = 100
        maxOpValue = 20
        maxOpMask = 1
        errorLevel = 0
        peakDeratedMax = 20
        averageDeratedMax = 20
        rmsDeratedMax = 20
        peak = 6.72575
        average = 5.0414
        rms = 5.15607
        peakPercent = 33.6287
        averagePercent = 25.207
        rmsPercent = 25.7803
        node1Index = -1
        node1 = C
        node2Index = -1
        node2 = B
        currentIndex = -1
        lastValue = 0
        CMaxParam ------>
        keyword = VCE
        description = Max C-E voltage
        maxOpStatus = 100
        maxOpValue = 12
        maxOpMask = 1
        errorLevel = 0
        peakDeratedMax = 12
        averageDeratedMax = 12
        rmsDeratedMax = 12
        peak = 7.11285
        average = 5.81543
        rms = 5.88992
        peakPercent = 59.2738
        averagePercent = 48.4619
        rmsPercent = 49.0827
        node1Index = -1
        node1 = C
        node2Index = -1
        node2 = E
        currentIndex = -1
        lastValue = 0
        CMaxParam ------>
        keyword = VEB
        description = Max E-B voltage
        maxOpStatus = 100
        maxOpValue = 2.5
        maxOpMask = 1
        errorLevel = 0
        peakDeratedMax = 2.5
        averageDeratedMax = 2.5
        rmsDeratedMax = 2.5
        peak = -0.375604
        average = -0.774025
        rms = 0.792034
        peakPercent = 0
        averagePercent = 0
        rmsPercent = 31.6813
        node1Index = -1
        node1 = E
        node2Index = -1
        node2 = B
        currentIndex = -1
        lastValue = 0
